{
    "cluster": {
        "health": "green",
        "state": "normal"
    },
    "nodes": [
        {
            "identity": {
                "name": "master-5khgh-d897dc6cf-vstr9",
                "kubelet_version": "v1.14.6",
                "operator_version": "3.8.0",
                "role": "master",
                "ip": "172.23.7.74",
                "hostname": "master-5khgh-d897dc6cf-vstr9",
                "instance_type": "",
                "availability_region": "",
                "availability_zone": ""
            },
            "machine": {
                "cpu_count": 2,
                "memory_capacity_bytes": 8364433408,
                "memory_allocatable_bytes": 6409887744,
                "ephemeral_storage_capacity_bytes": 5358223360,
                "ephemeral_storage_allocatable_bytes": 4284481536,
                "attachable_volume_allocatable_count": 0,
                "attachable_volume_capacity_count": 0,
                "docker_volume_size_gb": 30
            },
            "ready": true,
            "health": "green",
            "request_totals": {
                "cpu": 1300,
                "memory_bytes": 1158676480
            },
            "limit_totals": {
                "cpu": 550,
                "memory_bytes": 445644800
            }
        },
        {
            "identity": {
                "name": "worker-0ht26-64c4fbf547-vzs6q",
                "kubelet_version": "v1.14.6",
                "operator_version": "3.8.0",
                "role": "worker",
                "ip": "172.23.7.62",
                "hostname": "worker-0ht26-64c4fbf547-vzs6q",
                "instance_type": "",
                "availability_region": "",
                "availability_zone": ""
            },
            "machine": {
                "cpu_count": 3,
                "memory_capacity_bytes": 3079434240,
                "memory_allocatable_bytes": 1661759488,
                "ephemeral_storage_capacity_bytes": 42928701440,
                "ephemeral_storage_allocatable_bytes": 41854959616,
                "attachable_volume_allocatable_count": 0,
                "attachable_volume_capacity_count": 0,
                "docker_volume_size_gb": 30
            },
            "ready": true,
            "health": "green",
            "request_totals": {
                "cpu": 450,
                "memory_bytes": 424673280
            },
            "limit_totals": {
                "cpu": 300,
                "memory_bytes": 340787200
            }
        },
        {
            "identity": {
                "name": "worker-fj8kh-74d69554d9-qggz9",
                "kubelet_version": "v1.14.6",
                "operator_version": "3.8.0",
                "role": "worker",
                "ip": "172.23.7.230",
                "hostname": "worker-fj8kh-74d69554d9-qggz9",
                "instance_type": "",
                "availability_region": "",
                "availability_zone": ""
            },
            "machine": {
                "cpu_count": 3,
                "memory_capacity_bytes": 3079417856,
                "memory_allocatable_bytes": 1661743104,
                "ephemeral_storage_capacity_bytes": 42928701440,
                "ephemeral_storage_allocatable_bytes": 41854959616,
                "attachable_volume_allocatable_count": 0,
                "attachable_volume_capacity_count": 0,
                "docker_volume_size_gb": 30
            },
            "ready": true,
            "health": "green",
            "request_totals": {
                "cpu": 1190,
                "memory_bytes": 1066401792
            },
            "limit_totals": {
                "cpu": 1040,
                "memory_bytes": 982515712
            }
        },
        {
            "identity": {
                "name": "worker-xd0mh-dc7fddf4f-qgkwt",
                "kubelet_version": "v1.14.6",
                "operator_version": "3.8.0",
                "role": "worker",
                "ip": "172.23.7.122",
                "hostname": "worker-xd0mh-dc7fddf4f-qgkwt",
                "instance_type": "",
                "availability_region": "",
                "availability_zone": ""
            },
            "machine": {
                "cpu_count": 3,
                "memory_capacity_bytes": 3079417856,
                "memory_allocatable_bytes": 1661743104,
                "ephemeral_storage_capacity_bytes": 42928701440,
                "ephemeral_storage_allocatable_bytes": 41854959616,
                "attachable_volume_allocatable_count": 0,
                "attachable_volume_capacity_count": 0,
                "docker_volume_size_gb": 30
            },
            "ready": true,
            "health": "green",
            "request_totals": {
                "cpu": 950,
                "memory_bytes": 888143872
            },
            "limit_totals": {
                "cpu": 800,
                "memory_bytes": 804257792
            }
        }
    ]
}