{
    "cluster": {
        "health": "green",
        "state": "normal"
    },
    "nodes": [
        {
            "name": "master-m73hu-5bfc5479b-pd52d",
            "role": "master",
            "ip": "172.23.2.254",
            "hostname": "master-m73hu-5bfc5479b-pd52d",
            "instance_type": "",
            "availability_region": "",
            "availability_zone": "",
            "kubelet_version": "v1.14.6",
            "operator_version": "3.8.0",
            "cpu_count": 2,
            "memory_capacity_bytes": 8364433408,
            "memory_allocatable_bytes": 6409887744,
            "ephemeral_storage_capacity_bytes": 5358223360,
            "ephemeral_storage_allocatable_bytes": 4284481536,
            "attachable_volume_allocatable_count": 0,
            "attachable_volume_capacity_count": 0,
            "ready": true,
            "health": "green",
            "limit_totals": {
                "cpu": 0,
                "memory_bytes": 0
            },
            "request_totals": {
                "cpu": 0,
                "memory_bytes": 0
            }
        },
        {
            "name": "worker-243rn-6944445cd4-zd6g9",
            "role": "worker",
            "ip": "172.23.2.206",
            "hostname": "worker-243rn-6944445cd4-zd6g9",
            "instance_type": "",
            "availability_region": "",
            "availability_zone": "",
            "kubelet_version": "v1.14.6",
            "operator_version": "3.8.0",
            "cpu_count": 2,
            "memory_capacity_bytes": 3079614464,
            "memory_allocatable_bytes": 1661939712,
            "ephemeral_storage_capacity_bytes": 10726932480,
            "ephemeral_storage_allocatable_bytes": 9653190656,
            "attachable_volume_allocatable_count": 0,
            "attachable_volume_capacity_count": 0,
            "ready": true,
            "health": "green",
            "limit_totals": {
                "cpu": 0,
                "memory_bytes": 0
            },
            "request_totals": {
                "cpu": 0,
                "memory_bytes": 0
            }
        },
        {
            "name": "worker-e8r4m-5dcb8ffd8d-xdjt5",
            "role": "worker",
            "ip": "172.23.2.122",
            "hostname": "worker-e8r4m-5dcb8ffd8d-xdjt5",
            "instance_type": "",
            "availability_region": "",
            "availability_zone": "",
            "kubelet_version": "v1.14.6",
            "operator_version": "3.8.0",
            "cpu_count": 2,
            "memory_capacity_bytes": 3079598080,
            "memory_allocatable_bytes": 1661923328,
            "ephemeral_storage_capacity_bytes": 10726932480,
            "ephemeral_storage_allocatable_bytes": 9653190656,
            "attachable_volume_allocatable_count": 0,
            "attachable_volume_capacity_count": 0,
            "ready": true,
            "health": "green",
            "limit_totals": {
                "cpu": 0,
                "memory_bytes": 0
            },
            "request_totals": {
                "cpu": 0,
                "memory_bytes": 0
            }
        },
        {
            "name": "worker-hc97q-58487c888-jcbdd",
            "role": "worker",
            "ip": "172.23.2.242",
            "hostname": "worker-hc97q-58487c888-jcbdd",
            "instance_type": "",
            "availability_region": "",
            "availability_zone": "",
            "kubelet_version": "v1.14.6",
            "operator_version": "3.8.0",
            "cpu_count": 2,
            "memory_capacity_bytes": 3079598080,
            "memory_allocatable_bytes": 1661923328,
            "ephemeral_storage_capacity_bytes": 10726932480,
            "ephemeral_storage_allocatable_bytes": 9653190656,
            "attachable_volume_allocatable_count": 0,
            "attachable_volume_capacity_count": 0,
            "ready": true,
            "health": "green",
            "limit_totals": {
                "cpu": 0,
                "memory_bytes": 0
            },
            "request_totals": {
                "cpu": 0,
                "memory_bytes": 0
            }
        }
    ]
}