{
    "identity": {
        "name": "fg0ge-master-000000",
        "kubelet_version": "v1.14.6",
        "operator_version": "",
        "role": "master",
        "ip": "10.2.0.5",
        "hostname": "fg0ge-master-000000",
        "instance_type": "Standard_D2s_v3",
        "availability_region": "westeurope",
        "availability_zone": "0"
    },
    "machine": {
        "cpu_count": 2,
        "memory_capacity_bytes": 8340721664,
        "memory_allocatable_bytes": 6386176000,
        "ephemeral_storage_capacity_bytes": 29137096704,
        "ephemeral_storage_allocatable_bytes": 28063354880,
        "attachable_volume_allocatable_count": 4,
        "attachable_volume_capacity_count": 4,
        "attached_volumes_count": 1
    },
    "ready": true,
    "health": "green"
}